******************************************************************************
                  TI ARM Linker PC v20.2.7                     
******************************************************************************
>> Linked Sun Oct 20 22:18:44 2024

OUTPUT FILE NAME:   <Nixie_Clock.out>
ENTRY POINT SYMBOL: "_c_int00_noinit_noargs"  address: 000007f5


MEMORY CONFIGURATION

         name            origin    length      used     unused   attr    fill
----------------------  --------  ---------  --------  --------  ----  --------
  FLASH                 00000000   00100000  000008f4  000ff70c  R  X
  SRAM                  20000000   00040000  00000200  0003fe00  RW X


SEGMENT ALLOCATION MAP

run origin  load origin   length   init length attrs members
----------  ----------- ---------- ----------- ----- -------
00000000    00000000    000008f4   000008f4    r-x
  00000000    00000000    00000208   00000208    r-- .intvecs
  00000208    00000208    0000064c   0000064c    r-x .text
  00000854    00000854    000000a0   000000a0    r-- .const
20000000    20000000    00000200   00000000    rw-
  20000000    20000000    00000200   00000000    rw- .stack


SECTION ALLOCATION MAP

 output                                  attributes/
section   page    origin      length       input sections
--------  ----  ----------  ----------   ----------------
.intvecs   0    00000000    00000208     
                  00000000    00000208     tm4c1294ncpdt_startup_ccs.obj (.intvecs)

.text      0    00000208    0000064c     
                  00000208    0000034c     main.obj (.text)
                  00000554    0000016c     driverlib.lib : gpio.obj (.text:GPIOPadConfigSet)
                  000006c0    0000009c     rtsv7M4_T_le_v4SPD16_eabi.lib : memcpy_t2.asm.obj (.text)
                  0000075c    00000038     driverlib.lib : sysctl.obj (.text:SysCtlPeripheralReady)
                  00000794    00000034                   : sysctl.obj (.text:SysCtlPeripheralEnable)
                  000007c8    0000002c                   : gpio.obj (.text:GPIODirModeSet)
                  000007f4    0000002c     rtsv7M4_T_le_v4SPD16_eabi.lib : boot_cortex_m.c.obj (.text:_c_int00_noinit_noargs:_c_int00_noinit_noargs)
                  00000820    0000001a     driverlib.lib : gpio.obj (.text:GPIOPinTypeGPIOOutput)
                  0000083a    0000000c     tm4c1294ncpdt_startup_ccs.obj (.text)
                  00000846    00000006     driverlib.lib : gpio.obj (.text:GPIOPinWrite)
                  0000084c    00000004     rtsv7M4_T_le_v4SPD16_eabi.lib : pre_init.c.obj (.text:_system_pre_init)
                  00000850    00000004                                   : exit.c.obj (.text:abort:abort)

.const     0    00000854    000000a0     
                  00000854    000000a0     main.obj (.const:$P$T0$1)

.cinit     0    00000000    00000000     UNINITIALIZED

.init_array 
*          0    00000000    00000000     UNINITIALIZED

.stack     0    20000000    00000200     UNINITIALIZED
                  20000000    00000004     rtsv7M4_T_le_v4SPD16_eabi.lib : boot_cortex_m.c.obj (.stack)
                  20000004    000001fc     --HOLE--

__llvm_prf_cnts 
*          0    20000000    00000000     UNINITIALIZED

MODULE SUMMARY

       Module                          code   ro data   rw data
       ------                          ----   -------   -------
    .\
       main.obj                        844    160       0      
       tm4c1294ncpdt_startup_ccs.obj   12     520       0      
    +--+-------------------------------+------+---------+---------+
       Total:                          856    680       0      
                                                               
    C:/ti/TivaWare_C_Series-2.2.0.295/driverlib/ccs/Debug/driverlib.lib
       gpio.obj                        440    0         0      
       sysctl.obj                      108    0         0      
    +--+-------------------------------+------+---------+---------+
       Total:                          548    0         0      
                                                               
    C:\ti\ccs1281\ccs\tools\compiler\ti-cgt-arm_20.2.7.LTS\lib\rtsv7M4_T_le_v4SPD16_eabi.lib
       memcpy_t2.asm.obj               156    0         0      
       boot_cortex_m.c.obj             44     0         0      
       exit.c.obj                      4      0         0      
       pre_init.c.obj                  4      0         0      
    +--+-------------------------------+------+---------+---------+
       Total:                          208    0         0      
                                                               
       Stack:                          0      0         512    
    +--+-------------------------------+------+---------+---------+
       Grand Total:                    1612   680       512    


GLOBAL SYMBOLS: SORTED ALPHABETICALLY BY Name 

address   name                   
-------   ----                   
00000851  C$$EXIT                
000007c9  GPIODirModeSet         
00000555  GPIOPadConfigSet       
00000821  GPIOPinTypeGPIOOutput  
00000847  GPIOPinWrite           
0000083b  ResetISR               
00000795  SysCtlPeripheralEnable 
0000075d  SysCtlPeripheralReady  
20000200  __STACK_END            
00000200  __STACK_SIZE           
20000200  __STACK_TOP            
ffffffff  __TI_pprof_out_hndl    
ffffffff  __TI_prof_data_size    
ffffffff  __TI_prof_data_start   
00000000  __TI_static_base__     
000006c1  __aeabi_memcpy         
000006c1  __aeabi_memcpy4        
000006c1  __aeabi_memcpy8        
ffffffff  __binit__              
ffffffff  __c_args__             
UNDEFED   __mpu_init             
20000000  __stack                
20000000  __start___llvm_prf_cnts
20000000  __stop___llvm_prf_cnts 
000007f5  _c_int00_noinit_noargs 
0000084d  _system_pre_init       
00000851  abort                  
ffffffff  binit                  
00000000  g_pfnVectors           
00000209  main                   
000006c1  memcpy                 


GLOBAL SYMBOLS: SORTED BY Symbol Address 

address   name                   
-------   ----                   
00000000  __TI_static_base__     
00000000  g_pfnVectors           
00000200  __STACK_SIZE           
00000209  main                   
00000555  GPIOPadConfigSet       
000006c1  __aeabi_memcpy         
000006c1  __aeabi_memcpy4        
000006c1  __aeabi_memcpy8        
000006c1  memcpy                 
0000075d  SysCtlPeripheralReady  
00000795  SysCtlPeripheralEnable 
000007c9  GPIODirModeSet         
000007f5  _c_int00_noinit_noargs 
00000821  GPIOPinTypeGPIOOutput  
0000083b  ResetISR               
00000847  GPIOPinWrite           
0000084d  _system_pre_init       
00000851  C$$EXIT                
00000851  abort                  
20000000  __stack                
20000000  __start___llvm_prf_cnts
20000000  __stop___llvm_prf_cnts 
20000200  __STACK_END            
20000200  __STACK_TOP            
ffffffff  __TI_pprof_out_hndl    
ffffffff  __TI_prof_data_size    
ffffffff  __TI_prof_data_start   
ffffffff  __binit__              
ffffffff  __c_args__             
ffffffff  binit                  
UNDEFED   __mpu_init             

[31 symbols]
